// Jest Snapshot v1, https://goo.gl/fbAQLP

exports[`📁 Folder matches snapshot 1`] = `
<div
  className="gibbon-folder"
  data-testid="folder"
>
  <svg
    className="gibbon-folder-image"
    enableBackground="new 0 0 48 48"
    version="1"
    viewBox="0 0 48 48"
    xmlns="http://www.w3.org/2000/svg"
  >
    <path
      d="M40,12H22l-4-4H8c-2.2,0-4,1.8-4,4v8h40v-4C44,13.8,42.2,12,40,12z"
      fill="#63a4ff"
    />
    <path
      d="M40,12H8c-2.2,0-4,1.8-4,4v20c0,2.2,1.8,4,4,4h32c2.2,0,4-1.8,4-4V16C44,13.8,42.2,12,40,12z"
      fill="#1976d2"
    />
  </svg>
  <span
    className="gibbon-folder-label-text"
    data-testid="folder-label"
    onClick={[Function]}
  >
    Football highlights
  </span>
</div>
`;
